2025-03-31 10:01:56,081 - __main__ - INFO - Testing
2025-03-31 10:02:14,648 - __main__ - INFO - Testing
